---
source: crates/dbmd-cli/tests/json_snapshots.rs
expression: out
---
{"broken_link_count":0,"files_per_layer":{"records":509,"sources":6},"orphan_count":2,"top_types":[["expense",490],["company",5],["contact",4],["email",4],["invoice",3],["meeting",3],["pdf-source",2],["profile",2],["project",1],["synthesis",1]],"total_files":515,"total_size_bytes":199912,"type_distribution":{"company":5,"contact":4,"email":4,"expense":490,"invoice":3,"meeting":3,"pdf-source":2,"profile":2,"project":1,"synthesis":1}}
